<?php
	// Maps alien Unicode characters such as special spaces, letters with ligatures to their ascii string equivalent
	$unicode_to_ansi	=  array
	   (

		0x00A0			=>  ' ',				// Non-breakable space
		0x00AD			=>  '',					// Break Opportunity After: generally provide a line break opportunity after the character 
 		0x00C6			=>  'AE',				// AE with ligature (&AElig;)
		0x00E6			=>  'ae',				// ae with ligature (&aelig;)
		0x1680			=>  ' ',				// OGHAM space mark
		0x0152			=>  'OE',				// OE with ligature (&OElig;)
		0x0153			=>  'oe',				// oe with ligature (&oelig;)
		0x1D6B			=>  'ue',				// ue with ligature
		0x2000			=>  ' ',				// EN quad
		0x2001			=>  ' ',				// EM quad
		0x2002			=>  ' ',				// EN space
		0x2003			=>  ' ',				// EM space
		0x2004			=>  ' ',				// 3-per-EM space
		0x2005			=>  ' ',				// 4-per-EM space
		0x2006			=>  ' ',				// 6-per-EM space
		0x2007			=>  ' ',				// Figure space 
		0x2008			=>  ' ' ,				// Punctuation space
		0x2009			=>  ' ',				// Thin space
		0x200A			=>  ' ',				// Hair space
		0x200B			=>  ' ',				// Zero-width space
		0x200C			=>  ' ',				// Zero-width non-joiner
		0x200D			=>  '',					// Zero-width joiner
		0x2028			=>  "\n",				// Line separator
		0x2029			=>  "\n",				// Paragraph separator
		0x202F			=>  ' ',				// Narrow non-break space
		0x205F			=>  ' ',				// Medium mathematical space
		0x2060			=>  '',					// Word joiner
		0x3000			=>  ' ',				// Ideographic space
		0xA728			=>  'TZ',				// TZ with ligature
		0xA729			=>  'tz',				// tz with ligature
		0xA732			=>  'AA',				// AA with ligature
		0xA733			=>  'aa',				// aa with ligature
		0xA734			=>  'AO',				// AO with ligature
		0xA735			=>  'ao',				// ao with ligature
		0xA736			=>  'AU',				// AU with ligature
		0xA737			=>  'au',				// au with ligature
		0xA738			=>  'AV',				// AV with ligature
		0xA739			=>  'av',				// av with ligature
		0xA73A			=>  'AV',				// AV with ligature and bar
		0xA73B			=>  'av',				// av with ligature and bar
		0xA73C			=>  'AY',				// AY with ligature
		0xA73D			=>  'ay',				// ay with ligature
		0xA74E			=>  'OO',				// OO with ligature
		0xA74F			=>  'oo',				// oo with ligature
		0xA760			=>  'VY',				// VY with ligature
		0xA761			=>  'vy',				// vy with ligature
		0xFB00			=>  'ff',				// ff with ligature
		0xFB01			=>  'fi',				// fi with ligature
		0xFB02			=>  'fl',				// fl with ligature
		0xFB03			=>  'ffi',				// ffi with ligature
		0xFB04			=>  'ffl',				// ffl with ligature
		0xFB05			=>  'ft',				// ft with ligature
		0xFB06			=>  'st',				// st with ligature
		0xFEFF			=>  ' ',				// Zero-width non-breaking space
	    ) ;
